[wbpreview.com/previews/WB00C40H4/index.html]
[backblue.gif]
[fade.gif]
[index.html]
[wbpreview.com/previews/WB00C40H4/style.css]
[wbpreview.com/previews/WB00C40H4/images/logo.png]
[wbpreview.com/previews/WB00C40H4/index-2.html]
[wbpreview.com/previews/WB00C40H4/images/2011-kawasaki-z1000sx-brakes.jpg]
[wbpreview.com/previews/WB00C40H4/images/facebook_cloud.png]
[wbpreview.com/previews/WB00C40H4/post.html]
[wbpreview.com/previews/WB00C40H4/images/twitter_cloud.png]
[wbpreview.com/previews/WB00C40H4/images/delicious_cloud.png]
[wbpreview.com/previews/WB00C40H4/images/feed_cloud.png]
[wbpreview.com/previews/WB00C40H4/images/160x120.gif]
[wbpreview.com/previews/WB00C40H4/index.html]
[wbpreview.com/previews/WB00C40H4/js/bootstrap-dropdown.js]
[wbpreview.com/previews/WB00C40H4/js/bootstrap-tab.js]
[wbpreview.com/previews/WB00C40H4/images/glyphicons-halflings.png]
[wbpreview.com/previews/WB00C40H4/js/jquery.js]
[wbpreview.com/previews/WB00C40H4/style.css]
[wbpreview.com/previews/WB00C40H4/index-2.html]
[wbpreview.com/previews/WB00C40H4/images/260x180.gif]
[wbpreview.com/previews/WB00C40H4/post.html]
[wbpreview.com/previews/WB00C40H4/js/jquery.js]
[wbpreview.com/previews/WB00C40H4/js/bootstrap-dropdown.js]
[wbpreview.com/previews/WB00C40H4/js/bootstrap-tab.js]
[wbpreview.com/previews/WB00C40H4/images/glyphicons-halflings-white.png]
[wbpreview.com/previews/WB00C40H4/prettify.css]
[wbpreview.com/previews/WB00C40H4/js/prettify.js]
[wbpreview.com/previews/WB00C40H4/prettify.css]
[wbpreview.com/previews/WB00C40H4/js/prettify.js]
