[wbpreview.com/previews/WB035H89C/index.html]
[backblue.gif]
[fade.gif]
[index.html]
[wbpreview.com/previews/WB035H89C/assets/js/jquery.js]
[wbpreview.com/previews/WB035H89C/assets/js/slimbox2.js]
[wbpreview.com/previews/WB035H89C/assets/js/easySlider1.7.js]
[wbpreview.com/previews/WB035H89C/assets/css/bootstrap.css]
[wbpreview.com/previews/WB035H89C/assets/css/bootstrap-responsive.css]
[wbpreview.com/previews/WB035H89C/assets/css/slimbox2.css]
[wbpreview.com/previews/WB035H89C/assets/css/screen.css]
[wbpreview.com/previews/WB035H89C/assets/css/custom.css]
[wbpreview.com/previews/WB035H89C/assets/img/bg.jpg]
[wbpreview.com/previews/assets/ico/apple-touch-icon-144-precomposed.9.delayed]
[wbpreview.com/previews/assets/ico/apple-touch-icon-114-precomposed.a.delayed]
[wbpreview.com/previews/assets/ico/apple-touch-icon-72-precomposed.b.delayed]
[wbpreview.com/previews/assets/ico/apple-touch-icon-57-precomposed.c.delayed]
[wbpreview.com/previews/WB035H89C/index.d.delayed]
[wbpreview.com/previews/WB035H89C/properties.htm]
[wbpreview.com/previews/WB035H89C/contact.htm]
[wbpreview.com/previews/WB035H89C/404.htm]
[wbpreview.com/previews/WB035H89C/listing.htm]
[wbpreview.com/previews/WB035H89C/assets/img/01.jpg]
[wbpreview.com/previews/WB035H89C/assets/img/02.jpg]
[wbpreview.com/previews/WB035H89C/assets/img/03.jpg]
[wbpreview.com/previews/WB035H89C/assets/img/05.jpg]
[wbpreview.com/previews/WB035H89C/assets/img/thumb_2.jpg]
[wbpreview.com/previews/WB035H89C/assets/img/thumb_4.jpg]
[wbpreview.com/previews/WB035H89C/assets/img/smallthumbs/thumb_2.jpg]
[wbpreview.com/previews/WB035H89C/assets/img/thumb_about2.jpg]
[wbpreview.com/previews/WB035H89C/index.html]
[wbpreview.com/previews/WB035H89C/assets/js/jquery.js]
[wbpreview.com/previews/WB035H89C/assets/js/slimbox2.js]
[wbpreview.com/previews/WB035H89C/assets/js/easySlider1.7.js]
[wbpreview.com/previews/WB035H89C/assets/img/glyphicons-halflings.png]
[wbpreview.com/previews/WB035H89C/assets/img/glyphicons-halflings-white.png]
[wbpreview.com/previews/WB035H89C/assets/css/bootstrap.css]
[wbpreview.com/previews/WB035H89C/assets/css/bootstrap-responsive.css]
[wbpreview.com/previews/WB035H89C/assets/css/slimbox2.css]
[wbpreview.com/previews/WB035H89C/assets/css/screen.css]
[wbpreview.com/previews/WB035H89C/assets/img/bgerror.png]
[wbpreview.com/previews/WB035H89C/assets/img/bgfoot.png]
[wbpreview.com/previews/WB035H89C/assets/img/bgmain.png]
[wbpreview.com/previews/WB035H89C/assets/css/custom.css]
[wbpreview.com/previews/assets/ico/apple-touch-icon-144-precomposed.html]
[wbpreview.com/previews/assets/ico/apple-touch-icon-114-precomposed.html]
[wbpreview.com/previews/assets/ico/apple-touch-icon-72-precomposed.html]
[wbpreview.com/previews/assets/ico/apple-touch-icon-57-precomposed.html]
[wbpreview.com/previews/WB035H89C/index-2.html]
[wbpreview.com/previews/WB035H89C/index.htm]
[wbpreview.com/previews/WB035H89C/assets/img/thumbs/1.28.delayed]
[wbpreview.com/previews/WB035H89C/assets/img/thumbs/3.29.delayed]
[wbpreview.com/previews/WB035H89C/assets/img/thumbs/4.2a.delayed]
[wbpreview.com/previews/WB035H89C/properties.htm]
[wbpreview.com/previews/WB035H89C/assets/js/gmaps.js]
[maps.gstatic.com/mapfiles/cb/mod_cb_scout/cb_scout_sprite_api_003.png]
[maps.gstatic.com/mapfiles/transparent.png]
[maps.gstatic.com/mapfiles/google_white.png]
[maps.gstatic.com/mapfiles/mv/imgs8.png]
[maps.gstatic.com/mapfiles/mapcontrols3d7.png]
[maps.gstatic.com/mapfiles/mapcontrols3d6.png]
[maps.gstatic.com/mapfiles/rotate2.png]
[maps.gstatic.com/mapfiles/szc4.png]
[wbpreview.com/previews/WB035H89C/assets/img/userphoto1.jpg]
[wbpreview.com/previews/WB035H89C/assets/img/userphoto2.jpg]
[wbpreview.com/previews/WB035H89C/contact.htm]
[wbpreview.com/previews/WB035H89C/assets/img/blocked.png]
[wbpreview.com/previews/WB035H89C/404.htm]
[wbpreview.com/previews/WB035H89C/assets/img/1.png]
[wbpreview.com/previews/WB035H89C/assets/img/t3.png]
[wbpreview.com/previews/WB035H89C/assets/img/t4.png]
[wbpreview.com/previews/WB035H89C/listing.htm]
[wbpreview.com/previews/WB035H89C/assets/img/04.jpg]
[wbpreview.com/previews/WB035H89C/assets/img/thumb_1.jpg]
[wbpreview.com/previews/WB035H89C/assets/img/thumb_3.jpg]
[wbpreview.com/previews/WB035H89C/assets/img/thumb_about.jpg]
[wbpreview.com/previews/WB035H89C/index.htm]
[wbpreview.com/previews/WB035H89C/assets/img/thumbs/1.html]
[wbpreview.com/previews/WB035H89C/assets/img/thumbs/3.html]
[wbpreview.com/previews/WB035H89C/assets/img/thumbs/4.html]
[wbpreview.com/previews/WB035H89C/assets/js/gmaps.js]
[wbpreview.com/previews/WB035H89C/assets/img/logo_small.png]
[wbpreview.com/previews/WB035H89C/assets/img/04.jpg]
[wbpreview.com/previews/WB035H89C/assets/img/t1.png]
[wbpreview.com/previews/WB035H89C/assets/img/t2.png]
[wbpreview.com/previews/WB035H89C/assets/img/thumb_1.jpg]
[wbpreview.com/previews/WB035H89C/assets/img/thumb_3.jpg]
[wbpreview.com/previews/WB035H89C/assets/img/thumb_about.jpg]
[wbpreview.com/previews/WB035H89C/assets/img/smallthumbs/thumb_1.jpg]
[wbpreview.com/previews/WB035H89C/assets/img/logo_small.png]
[wbpreview.com/previews/WB035H89C/assets/img/bgside.png]
[wbpreview.com/previews/WB035H89C/assets/img/t1.png]
[wbpreview.com/previews/WB035H89C/assets/js/bootstrap.js]
[wbpreview.com/previews/WB035H89C/assets/img/t2.png]
[wbpreview.com/previews/WB035H89C/assets/js/bootstrap.js]
