[wbpreview.com/previews/WB0540304/index.html]
[backblue.gif]
[fade.gif]
[index.html]
[wbpreview.com/previews/WB0540304/css/bootstrap.min.css]
[wbpreview.com/previews/WB0540304/css/bootstrap-responsive.min.css]
[wbpreview.com/previews/WB0540304/css/main.css]
[wbpreview.com/previews/WB0540304/js/jquery.js]
[wbpreview.com/previews/WB0540304/js/bootstrap.min.js]
[wbpreview.com/previews/WB0540304/index-2.html]
[wbpreview.com/previews/WB0540304/img/logo.png]
[wbpreview.com/previews/WB0540304/img/phone.png]
[wbpreview.com/previews/WB0540304/listing.html]
[wbpreview.com/previews/WB0540304/classifieds.html]
[wbpreview.com/previews/WB0540304/deals.html]
[wbpreview.com/previews/WB0540304/view_all.html]
[wbpreview.com/previews/WB0540304/detail.html]
[wbpreview.com/previews/WB0540304/img/products/m2.png]
[wbpreview.com/previews/WB0540304/img/products/m3.png]
[wbpreview.com/previews/WB0540304/img/products/m1.png]
[wbpreview.com/previews/WB0540304/img/products/4_photo_2916.jpg]
[wbpreview.com/previews/WB0540304/img/products/m7.png]
[wbpreview.com/previews/WB0540304/img/products/8_photo_2993.jpg]
[wbpreview.com/previews/WB0540304/img/products/7_photo_3011.jpg]
[wbpreview.com/previews/WB0540304/img/products/sitemgr_photo_2627.jpg]
[wbpreview.com/previews/WB0540304/img/products/img_rateMiniStarOff.png]
[wbpreview.com/previews/WB0540304/img/products/218_photo_1772.jpg]
[wbpreview.com/previews/WB0540304/img/products/9_photo_1778.jpg]
[wbpreview.com/previews/WB0540304/img/social-facebook.png]
[wbpreview.com/previews/WB0540304/img/social-twitter.png]
[wbpreview.com/previews/WB0540304/img/social-rss.png]
[wbpreview.com/previews/WB0540304/img/social-flickr.png]
[wbpreview.com/previews/WB0540304/index.html]
[wbpreview.com/previews/WB0540304/img/glyphicons-halflings.png]
[wbpreview.com/previews/WB0540304/img/glyphicons-halflings-white.png]
[wbpreview.com/previews/WB0540304/css/bootstrap.min.css]
[wbpreview.com/previews/WB0540304/css/bootstrap-responsive.min.css]
[wbpreview.com/previews/WB0540304/css/main.css]
[wbpreview.com/previews/WB0540304/js/jquery.js]
[wbpreview.com/previews/WB0540304/js/bootstrap.min.js]
[wbpreview.com/previews/WB0540304/index-2.html]
[wbpreview.com/previews/WB0540304/img/products/c.jpg]
[wbpreview.com/previews/WB0540304/img/products/218_photo_3111.jpg]
[wbpreview.com/previews/WB0540304/listing.html]
[wbpreview.com/previews/WB0540304/img/products/19_photo_2985.jpg]
[wbpreview.com/previews/WB0540304/img/products/1_photo_2941.jpg]
[wbpreview.com/previews/WB0540304/classifieds.html]
[wbpreview.com/previews/WB0540304/deals.html]
[wbpreview.com/previews/WB0540304/view_all.html]
[wbpreview.com/previews/WB0540304/css/jquery.fancybox.css]
[wbpreview.com/previews/WB0540304/img/products/l0.jpg]
[wbpreview.com/previews/WB0540304/img/products/m5.png]
[wbpreview.com/previews/WB0540304/img/thumbs/1.jpg]
[wbpreview.com/previews/WB0540304/img/products/l2.jpg]
[wbpreview.com/previews/WB0540304/img/thumbs/2.jpg]
[wbpreview.com/previews/WB0540304/img/products/l3.jpg]
[connect.facebook.net/en_US/all.js]
[platform.twitter.com/widgets.js]
[wbpreview.com/previews/WB0540304/detail.html]
[wbpreview.com/previews/WB0540304/js/jquery.fancybox.js]
[wbpreview.com/previews/WB0540304/img/products/m8.png]
[wbpreview.com/previews/WB0540304/img/products/m4.png]
[wbpreview.com/previews/WB0540304/img/products/1_photo_1776.jpg]
[wbpreview.com/previews/WB0540304/img/fancybox_sprite.png]
[wbpreview.com/previews/WB0540304/img/fancybox_loading.gif]
[wbpreview.com/previews/WB0540304/img/blank.gif]
[wbpreview.com/previews/WB0540304/img/fancybox_overlay.png]
[wbpreview.com/previews/WB0540304/css/jquery.fancybox.css]
[wbpreview.com/previews/WB0540304/img/products/l1.jpg]
[wbpreview.com/previews/WB0540304/img/thumbs/3.jpg]
[connect.facebook.net/en_US/all.js]
[wbpreview.com/previews/WB0540304/js/jquery.fancybox.js]
[wbpreview.com/previews/WB0540304/ABCDEFGHIJKLMNOPQRSTUVWXYZabcdefghijklmnopqrstuvwxyz0123456789+/index.html]
[wbpreview.com/previews/WB0540304/img/products/m6.png]
[wbpreview.com/previews/WB0540304/img/products/m4.png]
[wbpreview.com/previews/WB0540304/img/products/sitemgr_photo_360.jpg]
[wbpreview.com/previews/WB0540304/img/products/1_photo_1776.jpg]
[wbpreview.com/previews/WB0540304/img/products/img_rateMiniStarOn.png]
[wbpreview.com/previews/WB0540304/ABCDEFGHIJKLMNOPQRSTUVWXYZabcdefghijklmnopqrstuvwxyz0123456789+/index.html]
[wbpreview.com/previews/WB0540304/img/thumbs/3.jpg]
[wbpreview.com/previews/WB0540304/img/products/img_rateMiniStarOn.png]
