[myorange.ca/theme/peachrealestate/index.html]
[backblue.gif]
[fade.gif]
[index.html]
[myorange.ca/theme/peachrealestate/ico/favicon.ico]
[myorange.ca/theme/peachrealestate/ico/apple-touch-icon-144-precomposed.2.delayed]
[myorange.ca/theme/peachrealestate/ico/apple-touch-icon-114-precomposed.3.delayed]
[myorange.ca/theme/peachrealestate/ico/apple-touch-icon-72-precomposed.4.delayed]
[myorange.ca/theme/peachrealestate/ico/apple-touch-icon-57-precomposed.5.delayed]
[myorange.ca/theme/peachrealestate/index-2.html]
[myorange.ca/theme/peachrealestate/buying.html]
[myorange.ca/theme/peachrealestate/renting.html]
[myorange.ca/theme/peachrealestate/about.html]
[myorange.ca/theme/peachrealestate/contact.html]
[myorange.ca/theme/peachrealestate/alerts.html]
[myorange.ca/theme/peachrealestate/buttons.html]
[myorange.ca/theme/peachrealestate/columns.html]
[myorange.ca/theme/peachrealestate/tabs.html]
[myorange.ca/theme/peachrealestate/widgets.html]
[myorange.ca/theme/peachrealestate/icon.html]
[myorange.ca/theme/peachrealestate/block.html]
[myorange.ca/theme/peachrealestate/404.html]
[myorange.ca/theme/peachrealestate/img/demo/home-page/slide1.jpg]
[myorange.ca/theme/peachrealestate/img/demo/home-page/slide2.jpg]
[myorange.ca/theme/peachrealestate/img/demo/home-page/slide3.jpg]
[myorange.ca/theme/peachrealestate/img/demo/home-page/slide4.jpg]
[myorange.ca/theme/peachrealestate/property.html]
[myorange.ca/theme/peachrealestate/img/demo/home-page/1.jpg]
[myorange.ca/theme/peachrealestate/img/demo/home-page/2.jpg]
[myorange.ca/theme/peachrealestate/img/demo/home-page/3.jpg]
[ajax.googleapis.com/ajax/libs/jquery/1.7.0/jquery.min.js]
[myorange.ca/theme/peachrealestate/js/libs/jquery.min.js]
[ajax.googleapis.com/ajax/libs/jqueryui/1.8/jquery-ui.min.js]
[myorange.ca/theme/peachrealestate/js/libs/jquery.ui.min.js]
[myorange.ca/theme/peachrealestate/js/libs/jquery.ui.touch-punch.min.js]
[myorange.ca/theme/peachrealestate/js/menu/jquery.ct.3LevelAccordion.min.js]
[myorange.ca/theme/peachrealestate/js/slider/jquery.responsivethumbnailgallery.min.js]
[myorange.ca/theme/peachrealestate/js/slider/jquery.onebyone.min.js]
[myorange.ca/theme/peachrealestate/js/slider/jquery.touchwipe.min.js]
[myorange.ca/theme/peachrealestate/js/include/jquery.fitvids.min.js]
[myorange.ca/theme/peachrealestate/js/include/jquery.tweet.min.js]
[myorange.ca/theme/peachrealestate/js/include/jquery.equal-heights.min.js]
[myorange.ca/theme/peachrealestate/js/include/jquery.todo.min.js]
[myorange.ca/theme/peachrealestate/js/include/jquery.pubsub.min.js]
[myorange.ca/theme/peachrealestate/js/include/jquery.select2.min.js]
[myorange.ca/theme/peachrealestate/js/include/bootstrap.min.js]
[myorange.ca/theme/peachrealestate/js/config.js]
[myorange.ca/theme/peachrealestate/index.html]
[myorange.ca/theme/peachrealestate/css/style.css]
[myorange.ca/theme/peachrealestate/ico/apple-touch-icon-144-precomposed.html]
[myorange.ca/theme/peachrealestate/ico/apple-touch-icon-114-precomposed.html]
[myorange.ca/theme/peachrealestate/ico/apple-touch-icon-72-precomposed.html]
[myorange.ca/theme/peachrealestate/ico/apple-touch-icon-57-precomposed.html]
[myorange.ca/theme/peachrealestate/index-2.html]
[myorange.ca/theme/peachrealestate/img/demo/houses/house1.jpg]
[myorange.ca/theme/peachrealestate/img/demo/houses/house2.jpg]
[myorange.ca/theme/peachrealestate/img/demo/houses/house3.jpg]
[myorange.ca/theme/peachrealestate/img/demo/houses/house4.jpg]
[myorange.ca/theme/peachrealestate/img/demo/houses/house5.jpg]
[myorange.ca/theme/peachrealestate/img/demo/houses/house6.jpg]
[myorange.ca/theme/peachrealestate/img/demo/houses/house7.jpg]
[myorange.ca/theme/peachrealestate/buying.html]
[myorange.ca/theme/peachrealestate/img/demo/apt/apt1.jpg]
[myorange.ca/theme/peachrealestate/img/demo/apt/apt2.jpg]
[myorange.ca/theme/peachrealestate/img/demo/apt/apt3.jpg]
[myorange.ca/theme/peachrealestate/img/demo/apt/apt4.jpg]
[myorange.ca/theme/peachrealestate/img/demo/apt/apt5.jpg]
[myorange.ca/theme/peachrealestate/img/demo/apt/apt6.jpg]
[myorange.ca/theme/peachrealestate/img/demo/apt/apt7.jpg]
[myorange.ca/theme/peachrealestate/img/demo/apt/apt8.jpg]
[myorange.ca/theme/peachrealestate/img/demo/apt/apt9.jpg]
[myorange.ca/theme/peachrealestate/img/demo/apt/apt10.jpg]
[myorange.ca/theme/peachrealestate/renting.html]
[myorange.ca/theme/peachrealestate/about.html]
[myorange.ca/theme/peachrealestate/php/image.html]
[myorange.ca/theme/peachrealestate/contact.html]
[myorange.ca/theme/peachrealestate/alerts.html]
[myorange.ca/theme/peachrealestate/buttons.html]
[myorange.ca/theme/peachrealestate/columns.html]
[myorange.ca/theme/peachrealestate/tabs.html]
[myorange.ca/theme/peachrealestate/widgets.html]
[myorange.ca/theme/peachrealestate/icon.html]
[myorange.ca/theme/peachrealestate/block.html]
[myorange.ca/theme/peachrealestate/404.html]
[myorange.ca/theme/peachrealestate/property.html]
[myorange.ca/theme/peachrealestate/php/image.html]
